{"level":"info","message":"Example app listening at http://localhost:3000","timestamp":"2025-07-05T15:51:41.291Z"}
{"level":"error","message":"Server error:","timestamp":"2025-07-05T15:51:53.043Z"}
{"level":"info","message":"GET / 500 33 - 5.974 ms","timestamp":"2025-07-05T15:51:53.050Z"}
{"level":"error","message":"Server error:","timestamp":"2025-07-05T15:51:53.681Z"}
{"level":"info","message":"GET /favicon.ico 500 33 - 2.764 ms","timestamp":"2025-07-05T15:51:53.683Z"}
{"level":"error","message":"Server error:","timestamp":"2025-07-05T15:52:22.508Z"}
{"level":"info","message":"GET /.well-known/appspecific/com.chrome.devtools.json 500 33 - 1.458 ms","timestamp":"2025-07-05T15:52:22.509Z"}
{"level":"error","message":"Server error:","timestamp":"2025-07-05T15:52:26.043Z"}
{"level":"info","message":"GET / 500 33 - 2.568 ms","timestamp":"2025-07-05T15:52:26.045Z"}
{"level":"error","message":"Server error:","timestamp":"2025-07-05T15:52:26.081Z"}
{"level":"info","message":"GET /.well-known/appspecific/com.chrome.devtools.json 500 33 - 1.576 ms","timestamp":"2025-07-05T15:52:26.084Z"}
{"level":"error","message":"Server error:","timestamp":"2025-07-05T15:52:26.452Z"}
{"level":"info","message":"GET /favicon.ico 500 33 - 1.849 ms","timestamp":"2025-07-05T15:52:26.454Z"}
{"level":"error","message":"Server error:","timestamp":"2025-07-05T15:52:57.242Z"}
{"level":"info","message":"GET / 500 33 - 1.127 ms","timestamp":"2025-07-05T15:52:57.244Z"}
{"level":"error","message":"Server error:","timestamp":"2025-07-05T15:52:57.594Z"}
{"level":"info","message":"GET /favicon.ico 500 33 - 1.022 ms","timestamp":"2025-07-05T15:52:57.596Z"}
{"level":"error","message":"Server error:","timestamp":"2025-07-05T15:55:10.443Z"}
{"level":"info","message":"GET / 500 33 - 1.524 ms","timestamp":"2025-07-05T15:55:10.445Z"}
{"level":"error","message":"Server error:","timestamp":"2025-07-05T15:55:10.995Z"}
{"level":"info","message":"GET /favicon.ico 500 33 - 2.179 ms","timestamp":"2025-07-05T15:55:10.998Z"}
{"level":"error","message":"Server error:","timestamp":"2025-07-05T15:55:11.059Z"}
{"level":"info","message":"GET / 500 33 - 1.155 ms","timestamp":"2025-07-05T15:55:11.061Z"}
{"level":"error","message":"Server error:","timestamp":"2025-07-05T15:55:11.610Z"}
{"level":"info","message":"GET /favicon.ico 500 33 - 1.826 ms","timestamp":"2025-07-05T15:55:11.612Z"}
{"level":"error","message":"Server error:","timestamp":"2025-07-05T15:55:11.615Z"}
{"level":"info","message":"GET / 500 33 - 1.846 ms","timestamp":"2025-07-05T15:55:11.617Z"}
{"level":"error","message":"Server error:","timestamp":"2025-07-05T15:55:12.199Z"}
{"level":"info","message":"GET /favicon.ico 500 33 - 1.379 ms","timestamp":"2025-07-05T15:55:12.202Z"}
{"level":"error","message":"Server error:","timestamp":"2025-07-05T15:57:55.274Z"}
{"level":"info","message":"GET / 500 33 - 1.264 ms","timestamp":"2025-07-05T15:57:55.275Z"}
{"level":"error","message":"Server error:","timestamp":"2025-07-05T15:57:55.822Z"}
{"level":"info","message":"GET /favicon.ico 500 33 - 1.702 ms","timestamp":"2025-07-05T15:57:55.824Z"}
{"level":"error","message":"Server error:","timestamp":"2025-07-05T15:57:55.874Z"}
{"level":"info","message":"GET / 500 33 - 1.208 ms","timestamp":"2025-07-05T15:57:55.875Z"}
{"level":"error","message":"Server error:","timestamp":"2025-07-05T15:57:56.449Z"}
{"level":"info","message":"GET /favicon.ico 500 33 - 2.391 ms","timestamp":"2025-07-05T15:57:56.451Z"}
{"level":"info","message":"Example app listening at http://localhost:3000","timestamp":"2025-07-05T15:58:04.453Z"}
{"level":"error","message":"Server error:","timestamp":"2025-07-05T15:58:07.049Z"}
{"level":"info","message":"GET / 500 33 - 4.186 ms","timestamp":"2025-07-05T15:58:07.053Z"}
{"level":"error","message":"Server error:","timestamp":"2025-07-05T15:58:07.652Z"}
{"level":"info","message":"GET /favicon.ico 500 33 - 3.548 ms","timestamp":"2025-07-05T15:58:07.655Z"}
{"level":"error","message":"Server error:","timestamp":"2025-07-05T15:58:07.657Z"}
{"level":"info","message":"GET / 500 33 - 1.966 ms","timestamp":"2025-07-05T15:58:07.660Z"}
{"level":"error","message":"Server error:","timestamp":"2025-07-05T15:58:08.243Z"}
{"level":"info","message":"GET /favicon.ico 500 33 - 1.685 ms","timestamp":"2025-07-05T15:58:08.245Z"}
